!***************  MDT CONTRIBUTION  ******************************************************** 

!*** Special entries from eclipse

plugin@org.eclipse.test=v20091002,:pserver:anonymous@dev.eclipse.org:/cvsroot/eclipse,
fragment@org.eclipse.ant.optional.junit=R3_5_1,:pserver:anonymous@dev.eclipse.org:/cvsroot/eclipse,

!*** MDT/OCL plugins, features and fragments

feature@org.eclipse.ocl.master=R30x_v201008251030,:pserver:anonymous@dev.eclipse.org:/cvsroot/modeling,,org.eclipse.mdt/org.eclipse.ocl/plugins/org.eclipse.ocl.master-feature

feature@org.eclipse.ocl=R30x_v201008251030,:pserver:anonymous@dev.eclipse.org:/cvsroot/modeling,,org.eclipse.mdt/org.eclipse.ocl/plugins/org.eclipse.ocl-feature
feature@org.eclipse.ocl.uml=R30x_v201008251030,:pserver:anonymous@dev.eclipse.org:/cvsroot/modeling,,org.eclipse.mdt/org.eclipse.ocl/plugins/org.eclipse.ocl.uml-feature
plugin@org.eclipse.ocl=R30x_v201008251030,:pserver:anonymous@dev.eclipse.org:/cvsroot/modeling,,org.eclipse.mdt/org.eclipse.ocl/plugins/org.eclipse.ocl
plugin@org.eclipse.ocl.ecore=R30x_v201008251030,:pserver:anonymous@dev.eclipse.org:/cvsroot/modeling,,org.eclipse.mdt/org.eclipse.ocl/plugins/org.eclipse.ocl.ecore
plugin@org.eclipse.ocl.uml=R30x_v201008251030,:pserver:anonymous@dev.eclipse.org:/cvsroot/modeling,,org.eclipse.mdt/org.eclipse.ocl/plugins/org.eclipse.ocl.uml

feature@org.eclipse.ocl.doc=R30x_v201008251030,:pserver:anonymous@dev.eclipse.org:/cvsroot/modeling,,org.eclipse.mdt/org.eclipse.ocl/doc/org.eclipse.ocl.doc-feature
plugin@org.eclipse.ocl.doc=R30x_v201008251030,:pserver:anonymous@dev.eclipse.org:/cvsroot/modeling,,org.eclipse.mdt/org.eclipse.ocl/doc/org.eclipse.ocl.doc

feature@org.eclipse.ocl.edit=R30x_v201008251030,:pserver:anonymous@dev.eclipse.org:/cvsroot/modeling,,org.eclipse.mdt/org.eclipse.ocl/plugins/org.eclipse.ocl.edit-feature
plugin@org.eclipse.ocl.edit=R30x_v201008251030,:pserver:anonymous@dev.eclipse.org:/cvsroot/modeling,,org.eclipse.mdt/org.eclipse.ocl/plugins/org.eclipse.ocl.edit
plugin@org.eclipse.ocl.ecore.edit=R30x_v201008251030,:pserver:anonymous@dev.eclipse.org:/cvsroot/modeling,,org.eclipse.mdt/org.eclipse.ocl/plugins/org.eclipse.ocl.ecore.edit
plugin@org.eclipse.ocl.uml.edit=R30x_v201008251030,:pserver:anonymous@dev.eclipse.org:/cvsroot/modeling,,org.eclipse.mdt/org.eclipse.ocl/plugins/org.eclipse.ocl.uml.edit

feature@org.eclipse.ocl.examples=R30x_v201008251030,:pserver:anonymous@dev.eclipse.org:/cvsroot/modeling,,org.eclipse.mdt/org.eclipse.ocl/examples/org.eclipse.ocl.examples-feature
plugin@org.eclipse.ocl.examples=R30x_v201008251030,:pserver:anonymous@dev.eclipse.org:/cvsroot/modeling,,org.eclipse.mdt/org.eclipse.ocl/examples/org.eclipse.ocl.examples
plugin@org.eclipse.ocl.examples.common=R30x_v201008251030,:pserver:anonymous@dev.eclipse.org:/cvsroot/modeling,,org.eclipse.mdt/org.eclipse.ocl/examples/org.eclipse.ocl.examples.common
plugin@org.eclipse.ocl.examples.editor.model=R30x_v201008251030,:pserver:anonymous@dev.eclipse.org:/cvsroot/modeling,,org.eclipse.mdt/org.eclipse.ocl/examples/org.eclipse.ocl.examples.editor.model
plugin@org.eclipse.ocl.examples.editor.model.edit=R30x_v201008251030,:pserver:anonymous@dev.eclipse.org:/cvsroot/modeling,,org.eclipse.mdt/org.eclipse.ocl/examples/org.eclipse.ocl.examples.editor.model.edit
plugin@org.eclipse.ocl.examples.editor.model.editor=R30x_v201008251030,:pserver:anonymous@dev.eclipse.org:/cvsroot/modeling,,org.eclipse.mdt/org.eclipse.ocl/examples/org.eclipse.ocl.examples.editor.model.editor
plugin@org.eclipse.ocl.examples.interpreter=R30x_v201008251030,:pserver:anonymous@dev.eclipse.org:/cvsroot/modeling,,org.eclipse.mdt/org.eclipse.ocl/examples/org.eclipse.ocl.examples.interpreter
plugin@org.eclipse.ocl.examples.modelregistry=R30x_v201008251030,:pserver:anonymous@dev.eclipse.org:/cvsroot/modeling,,org.eclipse.mdt/org.eclipse.ocl/examples/org.eclipse.ocl.examples.modelregistry
plugin@org.eclipse.ocl.examples.modelregistry.edit=R30x_v201008251030,:pserver:anonymous@dev.eclipse.org:/cvsroot/modeling,,org.eclipse.mdt/org.eclipse.ocl/examples/org.eclipse.ocl.examples.modelregistry.edit
plugin@org.eclipse.ocl.examples.modelregistry.editor=R30x_v201008251030,:pserver:anonymous@dev.eclipse.org:/cvsroot/modeling,,org.eclipse.mdt/org.eclipse.ocl/examples/org.eclipse.ocl.examples.modelregistry.editor
plugin@org.eclipse.ocl.examples.modelregistry.ui=R30x_v201008251030,:pserver:anonymous@dev.eclipse.org:/cvsroot/modeling,,org.eclipse.mdt/org.eclipse.ocl/examples/org.eclipse.ocl.examples.modelregistry.ui
plugin@org.eclipse.ocl.examples.parser=R30x_v201008251030,:pserver:anonymous@dev.eclipse.org:/cvsroot/modeling,,org.eclipse.mdt/org.eclipse.ocl/examples/org.eclipse.ocl.examples.parser
plugin@org.eclipse.ocl.examples.parser.ocl=R30x_v201008251030,:pserver:anonymous@dev.eclipse.org:/cvsroot/modeling,,org.eclipse.mdt/org.eclipse.ocl/examples/org.eclipse.ocl.examples.parser.ocl
plugin@org.eclipse.ocl.examples.parser.unresolved=R30x_v201008251030,:pserver:anonymous@dev.eclipse.org:/cvsroot/modeling,,org.eclipse.mdt/org.eclipse.ocl/examples/org.eclipse.ocl.examples.parser.unresolved
plugin@org.eclipse.ocl.examples.project.empty=R30x_v201008251030,:pserver:anonymous@dev.eclipse.org:/cvsroot/modeling,,org.eclipse.mdt/org.eclipse.ocl/examples/org.eclipse.ocl.examples.project.empty
plugin@org.eclipse.ocl.examples.project.royalandloyal=R30x_v201008251030,:pserver:anonymous@dev.eclipse.org:/cvsroot/modeling,,org.eclipse.mdt/org.eclipse.ocl/examples/org.eclipse.ocl.examples.project.royalandloyal

plugin@org.eclipse.ocl.examples.xtext.base=R30x_v201008251030,:pserver:anonymous@dev.eclipse.org:/cvsroot/modeling,,org.eclipse.mdt/org.eclipse.ocl/examples/org.eclipse.ocl.examples.xtext.base
plugin@org.eclipse.ocl.examples.xtext.completeocl=R30x_v201008251030,:pserver:anonymous@dev.eclipse.org:/cvsroot/modeling,,org.eclipse.mdt/org.eclipse.ocl/examples/org.eclipse.ocl.examples.xtext.completeocl
plugin@org.eclipse.ocl.examples.xtext.completeocl.ui=R30x_v201008251030,:pserver:anonymous@dev.eclipse.org:/cvsroot/modeling,,org.eclipse.mdt/org.eclipse.ocl/examples/org.eclipse.ocl.examples.xtext.completeocl.ui
plugin@org.eclipse.ocl.examples.xtext.essentialocl=R30x_v201008251030,:pserver:anonymous@dev.eclipse.org:/cvsroot/modeling,,org.eclipse.mdt/org.eclipse.ocl/examples/org.eclipse.ocl.examples.xtext.essentialocl
plugin@org.eclipse.ocl.examples.xtext.essentialocl.ui=R30x_v201008251030,:pserver:anonymous@dev.eclipse.org:/cvsroot/modeling,,org.eclipse.mdt/org.eclipse.ocl/examples/org.eclipse.ocl.examples.xtext.essentialocl.ui
plugin@org.eclipse.ocl.examples.xtext.oclinecore=R30x_v201008251030,:pserver:anonymous@dev.eclipse.org:/cvsroot/modeling,,org.eclipse.mdt/org.eclipse.ocl/examples/org.eclipse.ocl.examples.xtext.oclinecore
plugin@org.eclipse.ocl.examples.xtext.oclinecore.ui=R30x_v201008251030,:pserver:anonymous@dev.eclipse.org:/cvsroot/modeling,,org.eclipse.mdt/org.eclipse.ocl/examples/org.eclipse.ocl.examples.xtext.oclinecore.ui
plugin@org.eclipse.ocl.examples.xtext.oclstdlib=R30x_v201008251030,:pserver:anonymous@dev.eclipse.org:/cvsroot/modeling,,org.eclipse.mdt/org.eclipse.ocl/examples/org.eclipse.ocl.examples.xtext.oclstdlib
plugin@org.eclipse.ocl.examples.xtext.oclstdlib.ui=R30x_v201008251030,:pserver:anonymous@dev.eclipse.org:/cvsroot/modeling,,org.eclipse.mdt/org.eclipse.ocl/examples/org.eclipse.ocl.examples.xtext.oclstdlib.ui

feature@org.eclipse.ocl.tests=R30x_v201008251030,:pserver:anonymous@dev.eclipse.org:/cvsroot/modeling,,org.eclipse.mdt/org.eclipse.ocl/tests/org.eclipse.ocl.tests-feature
plugin@org.eclipse.ocl.tests=R30x_v201008251030,:pserver:anonymous@dev.eclipse.org:/cvsroot/modeling,,org.eclipse.mdt/org.eclipse.ocl/tests/org.eclipse.ocl.tests
plugin@org.eclipse.ocl.ecore.tests=R30x_v201008251030,:pserver:anonymous@dev.eclipse.org:/cvsroot/modeling,,org.eclipse.mdt/org.eclipse.ocl/tests/org.eclipse.ocl.ecore.tests
plugin@org.eclipse.ocl.uml.tests=R30x_v201008251030,:pserver:anonymous@dev.eclipse.org:/cvsroot/modeling,,org.eclipse.mdt/org.eclipse.ocl/tests/org.eclipse.ocl.uml.tests
plugin@org.eclipse.ocl.examples.tests=R30x_v201008251030,:pserver:anonymous@dev.eclipse.org:/cvsroot/modeling,,org.eclipse.mdt/org.eclipse.ocl/tests/org.eclipse.ocl.examples.tests
plugin@org.eclipse.ocl.examples.xtext.tests=R30x_v201008251030,:pserver:anonymous@dev.eclipse.org:/cvsroot/modeling,,org.eclipse.mdt/org.eclipse.ocl/tests/org.eclipse.ocl.examples.xtext.tests

!*** Plugins, features and fragments for Eclipse Coordinated Releases

feature@org.eclipse.ocl.all=R30x_v201008251030,:pserver:anonymous@dev.eclipse.org:/cvsroot/modeling,,org.eclipse.mdt/org.eclipse.ocl/coordinated/org.eclipse.ocl.all-feature
feature@org.eclipse.ocl.all.sdk=R30x_v201008251030,:pserver:anonymous@dev.eclipse.org:/cvsroot/modeling,,org.eclipse.mdt/org.eclipse.ocl/coordinated/org.eclipse.ocl.all.sdk-feature
feature@org.eclipse.ocl.core.sdk=R30x_v201008251030,:pserver:anonymous@dev.eclipse.org:/cvsroot/modeling,,org.eclipse.mdt/org.eclipse.ocl/coordinated/org.eclipse.ocl.core.sdk-feature

!*** EMF Examples plugins
plugin@org.eclipse.emf.examples.library=R2_5_0,:pserver:anonymous@dev.eclipse.org:/cvsroot/modeling,,org.eclipse.emf/org.eclipse.emf/examples/org.eclipse.emf.examples.library
plugin@org.eclipse.emf.examples.library.edit=R2_5_0,:pserver:anonymous@dev.eclipse.org:/cvsroot/modeling,,org.eclipse.emf/org.eclipse.emf/examples/org.eclipse.emf.examples.library.edit
plugin@org.eclipse.emf.examples.library.editor=R2_5_0,:pserver:anonymous@dev.eclipse.org:/cvsroot/modeling,,org.eclipse.emf/org.eclipse.emf/examples/org.eclipse.emf.examples.library.editor

!*** LPG Distribution
plugin@lpg.runtime.java,2.0.17=GET,http://download.eclipse.org/tools/orbit/downloads/drops/R20100519200754/bundles/lpg.runtime.java_2.0.17.v201004271640.jar
plugin@lpg.runtime.java.source,2.0.17=GET,http://download.eclipse.org/tools/orbit/downloads/drops/R20100519200754/bundles/lpg.runtime.java.source_2.0.17.v201004271640.jar